// Jest Snapshot v1, https://goo.gl/fbAQLP

exports[`<Button /> Component Test Case  Button Component render 1`] = `ShallowWrapper {}`;
