// Jest Snapshot v1, https://goo.gl/fbAQLP

exports[`App Component Test Case  App Component render 1`] = `ShallowWrapper {}`;
