// Jest Snapshot v1, https://goo.gl/fbAQLP

exports[`RouteFinder Component Test Case  RouteFinder Component render 1`] = `ShallowWrapper {}`;
