// Jest Snapshot v1, https://goo.gl/fbAQLP

exports[`<SearchForm /> Component Test Case  SearchForm Component render 1`] = `ShallowWrapper {}`;
